HTTP/1.1 400 Bad Request


HTTP/1.1 200 OK
Content-Length: 7

<empty>HTTP/1.1 400 Bad Request


HTTP/1.1 200 OK
Content-Length: 7

<empty>HTTP/1.1 400 Bad Request


HTTP/1.1 200 OK
Content-Length: 7

<empty>