HTTP/1.1 200 OK
Content-Length: 26

this should not be changedHTTP/1.1 413 Request Entity Too Large


HTTP/1.1 413 Request Entity Too Large


HTTP/1.1 200 OK
Content-Length: 26

this should not be changed
HTTP/1.1 413 Request Entity Too Large


HTTP/1.1 413 Request Entity Too Large


HTTP/1.1 200 OK
Content-Length: 26

this should not be changed
